2025-01-28 18:10:00 | DEBUG | repo=a4m36jee-2014-security-seminar | action=commit
2025-08-24 18:04:00 | WARN | repo=a4m36jee-2014-security-seminar | action=pull
2025-09-25 08:46:00 | WARN | repo=a4m36jee-2014-security-seminar | action=commit
2025-05-14 09:43:00 | DEBUG | repo=a4m36jee-2014-security-seminar | action=pull
2025-03-14 11:35:00 | WARN | repo=a4m36jee-2014-security-seminar | action=commit
2025-05-06 12:37:00 | INFO | repo=a4m36jee-2014-security-seminar | action=commit
2025-10-12 13:21:00 | DEBUG | repo=a4m36jee-2014-security-seminar | action=commit
2025-06-20 08:53:00 | DEBUG | repo=a4m36jee-2014-security-seminar | action=commit
2025-05-08 19:50:00 | DEBUG | repo=a4m36jee-2014-security-seminar | action=pull
2025-11-25 10:12:00 | WARN | repo=a4m36jee-2014-security-seminar | action=edit | files=5
2025-09-16 18:17:00 | INFO | repo=a4m36jee-2014-security-seminar | action=commit
2025-04-24 20:30:00 | WARN | repo=a4m36jee-2014-security-seminar | action=commit
2025-08-10 18:13:00 | DEBUG | repo=a4m36jee-2014-security-seminar | action=edit | files=2
2025-01-26 20:29:00 | WARN | repo=a4m36jee-2014-security-seminar | action=commit
2025-10-22 13:32:00 | INFO | repo=a4m36jee-2014-security-seminar | action=pull
2025-01-24 08:22:00 | WARN | repo=a4m36jee-2014-security-seminar | action=commit
2025-09-13 09:10:00 | DEBUG | repo=a4m36jee-2014-security-seminar | action=commit
2025-08-28 20:20:00 | DEBUG | repo=a4m36jee-2014-security-seminar | action=commit
2025-10-14 21:29:00 | INFO | repo=a4m36jee-2014-security-seminar | action=commit
2025-04-27 07:40:00 | WARN | repo=a4m36jee-2014-security-seminar | action=commit
